// Jest Snapshot v1, https://goo.gl/fbAQLP

exports[`button component match snapshot 1`] = `
<button>
  Do nothing
</button>
`;
